127.0.0.1 - - [04/Oct/2022:10:29:32 +0700] "GET /page2.html HTTP/1.1" 200 5264 "http://localhost/index.html" "Mozilla/5.0 (Windows NT 10.0; Win64; x64) AppleWebKit/537.36 (KHTML, like Gecko) Chrome/106.0.0.0 Safari/537.36"
127.0.0.1 - - [04/Oct/2022:10:29:32 +0700] "GET /static/004.jpg HTTP/1.1" 304 0 "http://localhost/page2.html" "Mozilla/5.0 (Windows NT 10.0; Win64; x64) AppleWebKit/537.36 (KHTML, like Gecko) Chrome/106.0.0.0 Safari/537.36"
127.0.0.1 - - [04/Oct/2022:10:30:51 +0700] "GET /page2.html HTTP/1.1" 200 5264 "http://localhost/index.html" "Mozilla/5.0 (Windows NT 10.0; Win64; x64) AppleWebKit/537.36 (KHTML, like Gecko) Chrome/106.0.0.0 Safari/537.36"
127.0.0.1 - - [04/Oct/2022:10:30:51 +0700] "GET /static/005.png HTTP/1.1" 200 1830472 "http://localhost/page2.html" "Mozilla/5.0 (Windows NT 10.0; Win64; x64) AppleWebKit/537.36 (KHTML, like Gecko) Chrome/106.0.0.0 Safari/537.36"
127.0.0.1 - - [04/Oct/2022:10:30:51 +0700] "GET /page2.html HTTP/1.1" 200 5264 "http://localhost/index.html" "Mozilla/5.0 (Windows NT 10.0; Win64; x64) AppleWebKit/537.36 (KHTML, like Gecko) Chrome/106.0.0.0 Safari/537.36"
127.0.0.1 - - [04/Oct/2022:10:30:51 +0700] "GET /myweb/test.css HTTP/1.1" 200 3676 "http://localhost/page2.html" "Mozilla/5.0 (Windows NT 10.0; Win64; x64) AppleWebKit/537.36 (KHTML, like Gecko) Chrome/106.0.0.0 Safari/537.36"
127.0.0.1 - - [04/Oct/2022:10:30:51 +0700] "GET /static/005.png HTTP/1.1" 200 1830472 "http://localhost/page2.html" "Mozilla/5.0 (Windows NT 10.0; Win64; x64) AppleWebKit/537.36 (KHTML, like Gecko) Chrome/106.0.0.0 Safari/537.36"
127.0.0.1 - - [04/Oct/2022:10:30:51 +0700] "GET /static/002.jpg HTTP/1.1" 200 2119724 "http://localhost/page2.html" "Mozilla/5.0 (Windows NT 10.0; Win64; x64) AppleWebKit/537.36 (KHTML, like Gecko) Chrome/106.0.0.0 Safari/537.36"
127.0.0.1 - - [04/Oct/2022:10:30:51 +0700] "GET /static/003.gif HTTP/1.1" 200 2822550 "http://localhost/page2.html" "Mozilla/5.0 (Windows NT 10.0; Win64; x64) AppleWebKit/537.36 (KHTML, like Gecko) Chrome/106.0.0.0 Safari/537.36"
127.0.0.1 - - [04/Oct/2022:10:30:52 +0700] "GET /favicon.ico HTTP/1.1" 404 555 "http://localhost/page2.html" "Mozilla/5.0 (Windows NT 10.0; Win64; x64) AppleWebKit/537.36 (KHTML, like Gecko) Chrome/106.0.0.0 Safari/537.36"
10.32.178.5 - - [04/Oct/2022:10:33:45 +0700] "GET /page4.html HTTP/1.1" 304 0 "http://10.32.187.151/page3.html" "Mozilla/5.0 (Windows NT 10.0; Win64; x64) AppleWebKit/537.36 (KHTML, like Gecko) Chrome/105.0.0.0 Safari/537.36"
127.0.0.1 - - [04/Oct/2022:10:41:08 +0700] "GET /page2.html HTTP/1.1" 304 0 "http://localhost/index.html" "Mozilla/5.0 (Windows NT 10.0; Win64; x64) AppleWebKit/537.36 (KHTML, like Gecko) Chrome/106.0.0.0 Safari/537.36"
127.0.0.1 - - [04/Oct/2022:10:41:08 +0700] "GET /static/005.png HTTP/1.1" 304 0 "http://localhost/page2.html" "Mozilla/5.0 (Windows NT 10.0; Win64; x64) AppleWebKit/537.36 (KHTML, like Gecko) Chrome/106.0.0.0 Safari/537.36"
127.0.0.1 - - [04/Oct/2022:10:41:18 +0700] "GET /index.html HTTP/1.1" 304 0 "http://localhost/page2.html" "Mozilla/5.0 (Windows NT 10.0; Win64; x64) AppleWebKit/537.36 (KHTML, like Gecko) Chrome/106.0.0.0 Safari/537.36"
127.0.0.1 - - [04/Oct/2022:10:41:18 +0700] "GET /static/o.mp4 HTTP/1.1" 304 0 "http://localhost/index.html" "Mozilla/5.0 (Windows NT 10.0; Win64; x64) AppleWebKit/537.36 (KHTML, like Gecko) Chrome/106.0.0.0 Safari/537.36"
127.0.0.1 - - [04/Oct/2022:10:41:31 +0700] "GET /page4.html HTTP/1.1" 304 0 "http://localhost/page3.html" "Mozilla/5.0 (Windows NT 10.0; Win64; x64) AppleWebKit/537.36 (KHTML, like Gecko) Chrome/106.0.0.0 Safari/537.36"
127.0.0.1 - - [04/Oct/2022:10:42:36 +0700] "GET /page4.html HTTP/1.1" 200 8437 "http://localhost/page3.html" "Mozilla/5.0 (Windows NT 10.0; Win64; x64) AppleWebKit/537.36 (KHTML, like Gecko) Chrome/106.0.0.0 Safari/537.36"
127.0.0.1 - - [04/Oct/2022:10:43:02 +0700] "GET /page4.html HTTP/1.1" 200 8437 "http://localhost/page3.html" "Mozilla/5.0 (Windows NT 10.0; Win64; x64) AppleWebKit/537.36 (KHTML, like Gecko) Chrome/106.0.0.0 Safari/537.36"
10.32.178.5 - - [04/Oct/2022:10:43:10 +0700] "GET /index.html HTTP/1.1" 200 7742 "http://10.32.187.151/page4.html" "Mozilla/5.0 (Windows NT 10.0; Win64; x64) AppleWebKit/537.36 (KHTML, like Gecko) Chrome/105.0.0.0 Safari/537.36"
10.32.178.5 - - [04/Oct/2022:10:43:10 +0700] "GET /static/o.mp4 HTTP/1.1" 304 0 "http://10.32.187.151/index.html" "Mozilla/5.0 (Windows NT 10.0; Win64; x64) AppleWebKit/537.36 (KHTML, like Gecko) Chrome/105.0.0.0 Safari/537.36"
10.32.178.5 - - [04/Oct/2022:10:43:16 +0700] "GET /page4.html HTTP/1.1" 200 8437 "http://10.32.187.151/page3.html" "Mozilla/5.0 (Windows NT 10.0; Win64; x64) AppleWebKit/537.36 (KHTML, like Gecko) Chrome/105.0.0.0 Safari/537.36"
10.32.178.5 - - [04/Oct/2022:10:43:28 +0700] "GET /page4.html HTTP/1.1" 304 0 "http://10.32.187.151/page3.html" "Mozilla/5.0 (Windows NT 10.0; Win64; x64) AppleWebKit/537.36 (KHTML, like Gecko) Chrome/105.0.0.0 Safari/537.36"
127.0.0.1 - - [04/Oct/2022:10:44:31 +0700] "GET /page4.html HTTP/1.1" 200 8450 "http://localhost/page3.html" "Mozilla/5.0 (Windows NT 10.0; Win64; x64) AppleWebKit/537.36 (KHTML, like Gecko) Chrome/106.0.0.0 Safari/537.36"
127.0.0.1 - - [04/Oct/2022:10:44:31 +0700] "GET /static/stop-looking-at-me-staring.gif HTTP/1.1" 200 2047081 "http://localhost/page4.html" "Mozilla/5.0 (Windows NT 10.0; Win64; x64) AppleWebKit/537.36 (KHTML, like Gecko) Chrome/106.0.0.0 Safari/537.36"
127.0.0.1 - - [04/Oct/2022:10:44:58 +0700] "GET /page2.html HTTP/1.1" 304 0 "http://localhost/page4.html" "Mozilla/5.0 (Windows NT 10.0; Win64; x64) AppleWebKit/537.36 (KHTML, like Gecko) Chrome/106.0.0.0 Safari/537.36"
127.0.0.1 - - [04/Oct/2022:10:44:58 +0700] "GET /static/005.png HTTP/1.1" 304 0 "http://localhost/page2.html" "Mozilla/5.0 (Windows NT 10.0; Win64; x64) AppleWebKit/537.36 (KHTML, like Gecko) Chrome/106.0.0.0 Safari/537.36"
10.32.178.5 - - [04/Oct/2022:10:45:09 +0700] "GET /page2.html HTTP/1.1" 200 5264 "http://10.32.187.151/page3.html" "Mozilla/5.0 (Windows NT 10.0; Win64; x64) AppleWebKit/537.36 (KHTML, like Gecko) Chrome/105.0.0.0 Safari/537.36"
10.32.178.5 - - [04/Oct/2022:10:45:09 +0700] "GET /static/005.png HTTP/1.1" 200 1830472 "http://10.32.187.151/page2.html" "Mozilla/5.0 (Windows NT 10.0; Win64; x64) AppleWebKit/537.36 (KHTML, like Gecko) Chrome/105.0.0.0 Safari/537.36"
10.32.191.183 - - [04/Oct/2022:10:45:24 +0700] "GET /static/o.mp4 HTTP/1.1" 304 0 "http://10.32.187.151/index.html" "Mozilla/5.0 (Windows NT 10.0; Win64; x64) AppleWebKit/537.36 (KHTML, like Gecko) Chrome/105.0.0.0 Safari/537.36 Edg/105.0.1343.53"
127.0.0.1 - - [04/Oct/2022:10:45:26 +0700] "GET /page2.html HTTP/1.1" 200 5264 "http://localhost/page4.html" "Mozilla/5.0 (Windows NT 10.0; Win64; x64) AppleWebKit/537.36 (KHTML, like Gecko) Chrome/106.0.0.0 Safari/537.36"
10.32.178.5 - - [04/Oct/2022:10:45:29 +0700] "GET /page2.html HTTP/1.1" 200 5264 "http://10.32.187.151/page3.html" "Mozilla/5.0 (Windows NT 10.0; Win64; x64) AppleWebKit/537.36 (KHTML, like Gecko) Chrome/105.0.0.0 Safari/537.36"
10.32.178.5 - - [04/Oct/2022:10:45:37 +0700] "GET /page2.html HTTP/1.1" 304 0 "http://10.32.187.151/page3.html" "Mozilla/5.0 (Windows NT 10.0; Win64; x64) AppleWebKit/537.36 (KHTML, like Gecko) Chrome/105.0.0.0 Safari/537.36"
10.32.191.183 - - [04/Oct/2022:10:45:45 +0700] "GET /page4.html HTTP/1.1" 200 8450 "http://10.32.187.151/page3.html" "Mozilla/5.0 (Windows NT 10.0; Win64; x64) AppleWebKit/537.36 (KHTML, like Gecko) Chrome/105.0.0.0 Safari/537.36 Edg/105.0.1343.53"
10.32.191.183 - - [04/Oct/2022:10:45:48 +0700] "GET /static/stop-looking-at-me-staring.gif HTTP/1.1" 200 2047081 "http://10.32.187.151/page4.html" "Mozilla/5.0 (Windows NT 10.0; Win64; x64) AppleWebKit/537.36 (KHTML, like Gecko) Chrome/105.0.0.0 Safari/537.36 Edg/105.0.1343.53"
10.32.189.127 - - [04/Oct/2022:10:45:53 +0700] "GET / HTTP/1.1" 200 7742 "-" "Mozilla/5.0 (Windows NT 10.0; Win64; x64) AppleWebKit/537.36 (KHTML, like Gecko) Chrome/105.0.0.0 Safari/537.36 Edg/105.0.1343.53"
10.32.189.127 - - [04/Oct/2022:10:45:53 +0700] "GET /static/o.mp4 HTTP/1.1" 304 0 "http://10.32.187.151/" "Mozilla/5.0 (Windows NT 10.0; Win64; x64) AppleWebKit/537.36 (KHTML, like Gecko) Chrome/105.0.0.0 Safari/537.36 Edg/105.0.1343.53"
10.32.189.127 - - [04/Oct/2022:10:45:58 +0700] "GET /page4.html HTTP/1.1" 200 8450 "http://10.32.187.151/" "Mozilla/5.0 (Windows NT 10.0; Win64; x64) AppleWebKit/537.36 (KHTML, like Gecko) Chrome/105.0.0.0 Safari/537.36 Edg/105.0.1343.53"
10.32.191.183 - - [04/Oct/2022:10:45:58 +0700] "GET /page2.html HTTP/1.1" 200 5264 "http://10.32.187.151/page4.html" "Mozilla/5.0 (Windows NT 10.0; Win64; x64) AppleWebKit/537.36 (KHTML, like Gecko) Chrome/105.0.0.0 Safari/537.36 Edg/105.0.1343.53"
10.32.191.183 - - [04/Oct/2022:10:45:59 +0700] "GET /static/005.png HTTP/1.1" 200 1830472 "http://10.32.187.151/page2.html" "Mozilla/5.0 (Windows NT 10.0; Win64; x64) AppleWebKit/537.36 (KHTML, like Gecko) Chrome/105.0.0.0 Safari/537.36 Edg/105.0.1343.53"
10.32.189.127 - - [04/Oct/2022:10:46:00 +0700] "GET /static/stop-looking-at-me-staring.gif HTTP/1.1" 200 2047081 "http://10.32.187.151/page4.html" "Mozilla/5.0 (Windows NT 10.0; Win64; x64) AppleWebKit/537.36 (KHTML, like Gecko) Chrome/105.0.0.0 Safari/537.36 Edg/105.0.1343.53"
10.32.191.183 - - [04/Oct/2022:10:46:07 +0700] "GET /page4.html HTTP/1.1" 304 0 "http://10.32.187.151/page2.html" "Mozilla/5.0 (Windows NT 10.0; Win64; x64) AppleWebKit/537.36 (KHTML, like Gecko) Chrome/105.0.0.0 Safari/537.36 Edg/105.0.1343.53"
10.32.191.183 - - [04/Oct/2022:10:46:07 +0700] "GET /static/stop-looking-at-me-staring.gif HTTP/1.1" 304 0 "http://10.32.187.151/page4.html" "Mozilla/5.0 (Windows NT 10.0; Win64; x64) AppleWebKit/537.36 (KHTML, like Gecko) Chrome/105.0.0.0 Safari/537.36 Edg/105.0.1343.53"
127.0.0.1 - - [04/Oct/2022:10:46:09 +0700] "GET /page2.html HTTP/1.1" 200 5303 "http://localhost/page4.html" "Mozilla/5.0 (Windows NT 10.0; Win64; x64) AppleWebKit/537.36 (KHTML, like Gecko) Chrome/106.0.0.0 Safari/537.36"
10.32.189.127 - - [04/Oct/2022:10:46:17 +0700] "GET /page4.html HTTP/1.1" 304 0 "http://10.32.187.151/page3.html" "Mozilla/5.0 (Windows NT 10.0; Win64; x64) AppleWebKit/537.36 (KHTML, like Gecko) Chrome/105.0.0.0 Safari/537.36 Edg/105.0.1343.53"
10.32.189.127 - - [04/Oct/2022:10:46:17 +0700] "GET /static/stop-looking-at-me-staring.gif HTTP/1.1" 304 0 "http://10.32.187.151/page4.html" "Mozilla/5.0 (Windows NT 10.0; Win64; x64) AppleWebKit/537.36 (KHTML, like Gecko) Chrome/105.0.0.0 Safari/537.36 Edg/105.0.1343.53"
127.0.0.1 - - [04/Oct/2022:10:46:17 +0700] "GET /page2.html HTTP/1.1" 200 5303 "http://localhost/page4.html" "Mozilla/5.0 (Windows NT 10.0; Win64; x64) AppleWebKit/537.36 (KHTML, like Gecko) Chrome/106.0.0.0 Safari/537.36"
10.32.191.183 - - [04/Oct/2022:10:46:22 +0700] "GET /page2.html HTTP/1.1" 200 5303 "http://10.32.187.151/page4.html" "Mozilla/5.0 (Windows NT 10.0; Win64; x64) AppleWebKit/537.36 (KHTML, like Gecko) Chrome/105.0.0.0 Safari/537.36 Edg/105.0.1343.53"
10.32.178.5 - - [04/Oct/2022:10:46:22 +0700] "GET /page2.html HTTP/1.1" 200 5303 "http://10.32.187.151/page3.html" "Mozilla/5.0 (Windows NT 10.0; Win64; x64) AppleWebKit/537.36 (KHTML, like Gecko) Chrome/105.0.0.0 Safari/537.36"
10.32.178.5 - - [04/Oct/2022:10:46:25 +0700] "GET /page4.html HTTP/1.1" 200 8450 "http://10.32.187.151/page2.html" "Mozilla/5.0 (Windows NT 10.0; Win64; x64) AppleWebKit/537.36 (KHTML, like Gecko) Chrome/105.0.0.0 Safari/537.36"
10.32.178.5 - - [04/Oct/2022:10:46:26 +0700] "GET /static/stop-looking-at-me-staring.gif HTTP/1.1" 200 2047081 "http://10.32.187.151/page4.html" "Mozilla/5.0 (Windows NT 10.0; Win64; x64) AppleWebKit/537.36 (KHTML, like Gecko) Chrome/105.0.0.0 Safari/537.36"
10.32.191.183 - - [04/Oct/2022:10:46:31 +0700] "GET /page4.html HTTP/1.1" 304 0 "http://10.32.187.151/page2.html" "Mozilla/5.0 (Windows NT 10.0; Win64; x64) AppleWebKit/537.36 (KHTML, like Gecko) Chrome/105.0.0.0 Safari/537.36 Edg/105.0.1343.53"
10.32.191.183 - - [04/Oct/2022:10:46:31 +0700] "GET /static/stop-looking-at-me-staring.gif HTTP/1.1" 304 0 "http://10.32.187.151/page4.html" "Mozilla/5.0 (Windows NT 10.0; Win64; x64) AppleWebKit/537.36 (KHTML, like Gecko) Chrome/105.0.0.0 Safari/537.36 Edg/105.0.1343.53"
10.32.191.183 - - [04/Oct/2022:10:46:43 +0700] "GET /page2.html HTTP/1.1" 304 0 "http://10.32.187.151/page4.html" "Mozilla/5.0 (Windows NT 10.0; Win64; x64) AppleWebKit/537.36 (KHTML, like Gecko) Chrome/105.0.0.0 Safari/537.36 Edg/105.0.1343.53"
10.32.178.5 - - [04/Oct/2022:10:46:59 +0700] "GET /page4.html HTTP/1.1" 200 8479 "http://10.32.187.151/page2.html" "Mozilla/5.0 (Windows NT 10.0; Win64; x64) AppleWebKit/537.36 (KHTML, like Gecko) Chrome/105.0.0.0 Safari/537.36"
10.32.178.5 - - [04/Oct/2022:10:46:59 +0700] "GET /static/stop-looking-at-me-staring.gif HTTP/1.1" 304 0 "http://10.32.187.151/page4.html" "Mozilla/5.0 (Windows NT 10.0; Win64; x64) AppleWebKit/537.36 (KHTML, like Gecko) Chrome/105.0.0.0 Safari/537.36"
10.32.191.183 - - [04/Oct/2022:10:47:01 +0700] "GET /page4.html HTTP/1.1" 200 8479 "http://10.32.187.151/page3.html" "Mozilla/5.0 (Windows NT 10.0; Win64; x64) AppleWebKit/537.36 (KHTML, like Gecko) Chrome/105.0.0.0 Safari/537.36 Edg/105.0.1343.53"
10.32.191.183 - - [04/Oct/2022:10:47:01 +0700] "GET /static/stop-looking-at-me-staring.gif HTTP/1.1" 304 0 "http://10.32.187.151/page4.html" "Mozilla/5.0 (Windows NT 10.0; Win64; x64) AppleWebKit/537.36 (KHTML, like Gecko) Chrome/105.0.0.0 Safari/537.36 Edg/105.0.1343.53"
10.32.191.183 - - [04/Oct/2022:10:47:07 +0700] "GET /page2.html HTTP/1.1" 304 0 "http://10.32.187.151/page4.html" "Mozilla/5.0 (Windows NT 10.0; Win64; x64) AppleWebKit/537.36 (KHTML, like Gecko) Chrome/105.0.0.0 Safari/537.36 Edg/105.0.1343.53"
127.0.0.1 - - [04/Oct/2022:10:47:20 +0700] "GET /page2.html HTTP/1.1" 304 0 "http://localhost/page4.html" "Mozilla/5.0 (Windows NT 10.0; Win64; x64) AppleWebKit/537.36 (KHTML, like Gecko) Chrome/106.0.0.0 Safari/537.36"
127.0.0.1 - - [04/Oct/2022:10:47:20 +0700] "GET /static/005.png HTTP/1.1" 304 0 "http://localhost/page2.html" "Mozilla/5.0 (Windows NT 10.0; Win64; x64) AppleWebKit/537.36 (KHTML, like Gecko) Chrome/106.0.0.0 Safari/537.36"
127.0.0.1 - - [04/Oct/2022:10:47:21 +0700] "GET /page4.html HTTP/1.1" 200 8479 "http://localhost/page2.html" "Mozilla/5.0 (Windows NT 10.0; Win64; x64) AppleWebKit/537.36 (KHTML, like Gecko) Chrome/106.0.0.0 Safari/537.36"
127.0.0.1 - - [04/Oct/2022:10:47:21 +0700] "GET /static/stop-looking-at-me-staring.gif HTTP/1.1" 304 0 "http://localhost/page4.html" "Mozilla/5.0 (Windows NT 10.0; Win64; x64) AppleWebKit/537.36 (KHTML, like Gecko) Chrome/106.0.0.0 Safari/537.36"
10.32.189.127 - - [04/Oct/2022:10:47:35 +0700] "GET /page4.html HTTP/1.1" 200 8479 "http://10.32.187.151/page3.html" "Mozilla/5.0 (Windows NT 10.0; Win64; x64) AppleWebKit/537.36 (KHTML, like Gecko) Chrome/105.0.0.0 Safari/537.36 Edg/105.0.1343.53"
10.32.189.127 - - [04/Oct/2022:10:47:35 +0700] "GET /static/stop-looking-at-me-staring.gif HTTP/1.1" 304 0 "http://10.32.187.151/page4.html" "Mozilla/5.0 (Windows NT 10.0; Win64; x64) AppleWebKit/537.36 (KHTML, like Gecko) Chrome/105.0.0.0 Safari/537.36 Edg/105.0.1343.53"
127.0.0.1 - - [04/Oct/2022:10:47:38 +0700] "GET /page2.html HTTP/1.1" 304 0 "http://localhost/page3.html" "Mozilla/5.0 (Windows NT 10.0; Win64; x64) AppleWebKit/537.36 (KHTML, like Gecko) Chrome/106.0.0.0 Safari/537.36"
127.0.0.1 - - [04/Oct/2022:10:48:01 +0700] "GET /page2.html HTTP/1.1" 200 5311 "http://localhost/page3.html" "Mozilla/5.0 (Windows NT 10.0; Win64; x64) AppleWebKit/537.36 (KHTML, like Gecko) Chrome/106.0.0.0 Safari/537.36"
127.0.0.1 - - [04/Oct/2022:10:48:13 +0700] "GET /page2.html HTTP/1.1" 200 5315 "http://localhost/page3.html" "Mozilla/5.0 (Windows NT 10.0; Win64; x64) AppleWebKit/537.36 (KHTML, like Gecko) Chrome/106.0.0.0 Safari/537.36"
10.32.178.5 - - [04/Oct/2022:10:48:21 +0700] "GET /page4.html HTTP/1.1" 200 8479 "http://10.32.187.151/page2.html" "Mozilla/5.0 (Windows NT 10.0; Win64; x64) AppleWebKit/537.36 (KHTML, like Gecko) Chrome/105.0.0.0 Safari/537.36"
10.32.178.5 - - [04/Oct/2022:10:48:21 +0700] "GET /static/stop-looking-at-me-staring.gif HTTP/1.1" 304 0 "http://10.32.187.151/page4.html" "Mozilla/5.0 (Windows NT 10.0; Win64; x64) AppleWebKit/537.36 (KHTML, like Gecko) Chrome/105.0.0.0 Safari/537.36"
10.32.178.5 - - [04/Oct/2022:10:48:21 +0700] "GET /page4.html HTTP/1.1" 304 0 "http://10.32.187.151/page2.html" "Mozilla/5.0 (Windows NT 10.0; Win64; x64) AppleWebKit/537.36 (KHTML, like Gecko) Chrome/105.0.0.0 Safari/537.36"
127.0.0.1 - - [04/Oct/2022:10:48:23 +0700] "GET /page2.html HTTP/1.1" 200 5319 "http://localhost/page3.html" "Mozilla/5.0 (Windows NT 10.0; Win64; x64) AppleWebKit/537.36 (KHTML, like Gecko) Chrome/106.0.0.0 Safari/537.36"
10.32.178.5 - - [04/Oct/2022:10:48:24 +0700] "GET /page2.html HTTP/1.1" 200 5319 "http://10.32.187.151/page4.html" "Mozilla/5.0 (Windows NT 10.0; Win64; x64) AppleWebKit/537.36 (KHTML, like Gecko) Chrome/105.0.0.0 Safari/537.36"
10.32.178.5 - - [04/Oct/2022:10:48:24 +0700] "GET /static/005.png HTTP/1.1" 304 0 "http://10.32.187.151/page2.html" "Mozilla/5.0 (Windows NT 10.0; Win64; x64) AppleWebKit/537.36 (KHTML, like Gecko) Chrome/105.0.0.0 Safari/537.36"
10.32.178.5 - - [04/Oct/2022:10:48:26 +0700] "GET /page2.html HTTP/1.1" 304 0 "http://10.32.187.151/page4.html" "Mozilla/5.0 (Windows NT 10.0; Win64; x64) AppleWebKit/537.36 (KHTML, like Gecko) Chrome/105.0.0.0 Safari/537.36"
10.32.178.5 - - [04/Oct/2022:10:48:27 +0700] "GET /page2.html HTTP/1.1" 304 0 "http://10.32.187.151/page4.html" "Mozilla/5.0 (Windows NT 10.0; Win64; x64) AppleWebKit/537.36 (KHTML, like Gecko) Chrome/105.0.0.0 Safari/537.36"
10.32.178.5 - - [04/Oct/2022:10:48:37 +0700] "GET /page4.html HTTP/1.1" 304 0 "http://10.32.187.151/page3.html" "Mozilla/5.0 (Windows NT 10.0; Win64; x64) AppleWebKit/537.36 (KHTML, like Gecko) Chrome/105.0.0.0 Safari/537.36"
127.0.0.1 - - [04/Oct/2022:10:48:41 +0700] "GET /page4.html HTTP/1.1" 304 0 "http://localhost/page2.html" "Mozilla/5.0 (Windows NT 10.0; Win64; x64) AppleWebKit/537.36 (KHTML, like Gecko) Chrome/106.0.0.0 Safari/537.36"
127.0.0.1 - - [04/Oct/2022:10:48:41 +0700] "GET /static/stop-looking-at-me-staring.gif HTTP/1.1" 304 0 "http://localhost/page4.html" "Mozilla/5.0 (Windows NT 10.0; Win64; x64) AppleWebKit/537.36 (KHTML, like Gecko) Chrome/106.0.0.0 Safari/537.36"
127.0.0.1 - - [04/Oct/2022:10:48:57 +0700] "GET /page2.html HTTP/1.1" 304 0 "http://localhost/page4.html" "Mozilla/5.0 (Windows NT 10.0; Win64; x64) AppleWebKit/537.36 (KHTML, like Gecko) Chrome/106.0.0.0 Safari/537.36"
127.0.0.1 - - [04/Oct/2022:10:48:59 +0700] "GET /index.html HTTP/1.1" 304 0 "http://localhost/page2.html" "Mozilla/5.0 (Windows NT 10.0; Win64; x64) AppleWebKit/537.36 (KHTML, like Gecko) Chrome/106.0.0.0 Safari/537.36"
127.0.0.1 - - [04/Oct/2022:10:48:59 +0700] "GET /static/o.mp4 HTTP/1.1" 304 0 "http://localhost/index.html" "Mozilla/5.0 (Windows NT 10.0; Win64; x64) AppleWebKit/537.36 (KHTML, like Gecko) Chrome/106.0.0.0 Safari/537.36"
127.0.0.1 - - [04/Oct/2022:10:49:29 +0700] "GET /page2.html HTTP/1.1" 304 0 "http://localhost/index.html" "Mozilla/5.0 (Windows NT 10.0; Win64; x64) AppleWebKit/537.36 (KHTML, like Gecko) Chrome/106.0.0.0 Safari/537.36"
127.0.0.1 - - [04/Oct/2022:10:49:29 +0700] "GET /static/005.png HTTP/1.1" 304 0 "http://localhost/page2.html" "Mozilla/5.0 (Windows NT 10.0; Win64; x64) AppleWebKit/537.36 (KHTML, like Gecko) Chrome/106.0.0.0 Safari/537.36"
10.32.178.5 - - [04/Oct/2022:10:50:58 +0700] "GET /page2.html HTTP/1.1" 200 5319 "http://10.32.187.151/page4.html" "Mozilla/5.0 (Windows NT 10.0; Win64; x64) AppleWebKit/537.36 (KHTML, like Gecko) Chrome/105.0.0.0 Safari/537.36"
10.32.178.5 - - [04/Oct/2022:10:50:58 +0700] "GET /page2.html HTTP/1.1" 200 5319 "http://10.32.187.151/page4.html" "Mozilla/5.0 (Windows NT 10.0; Win64; x64) AppleWebKit/537.36 (KHTML, like Gecko) Chrome/105.0.0.0 Safari/537.36"
10.32.178.5 - - [04/Oct/2022:10:50:58 +0700] "GET /page2.html HTTP/1.1" 200 5319 "http://10.32.187.151/page4.html" "Mozilla/5.0 (Windows NT 10.0; Win64; x64) AppleWebKit/537.36 (KHTML, like Gecko) Chrome/105.0.0.0 Safari/537.36"
10.32.178.5 - - [04/Oct/2022:10:50:58 +0700] "GET /static/005.png HTTP/1.1" 304 0 "http://10.32.187.151/page2.html" "Mozilla/5.0 (Windows NT 10.0; Win64; x64) AppleWebKit/537.36 (KHTML, like Gecko) Chrome/105.0.0.0 Safari/537.36"
127.0.0.1 - - [04/Oct/2022:10:51:13 +0700] "GET /page2.html HTTP/1.1" 304 0 "http://localhost/index.html" "Mozilla/5.0 (Windows NT 10.0; Win64; x64) AppleWebKit/537.36 (KHTML, like Gecko) Chrome/106.0.0.0 Safari/537.36"
10.32.191.183 - - [04/Oct/2022:10:57:42 +0700] "GET / HTTP/1.1" 200 7742 "-" "Mozilla/5.0 (X11; Linux x86_64; rv:103.0) Gecko/20100101 Firefox/103.0"
10.32.191.183 - - [04/Oct/2022:10:57:42 +0700] "GET /myweb/test.css HTTP/1.1" 200 3676 "http://10.32.187.151/" "Mozilla/5.0 (X11; Linux x86_64; rv:103.0) Gecko/20100101 Firefox/103.0"
10.32.191.183 - - [04/Oct/2022:10:57:42 +0700] "GET /static/kao.jpg HTTP/1.1" 200 162396 "http://10.32.187.151/" "Mozilla/5.0 (X11; Linux x86_64; rv:103.0) Gecko/20100101 Firefox/103.0"
10.32.191.183 - - [04/Oct/2022:10:57:42 +0700] "GET /static/bas.jpg HTTP/1.1" 200 108614 "http://10.32.187.151/" "Mozilla/5.0 (X11; Linux x86_64; rv:103.0) Gecko/20100101 Firefox/103.0"
10.32.191.183 - - [04/Oct/2022:10:57:43 +0700] "GET /favicon.ico HTTP/1.1" 404 153 "http://10.32.187.151/" "Mozilla/5.0 (X11; Linux x86_64; rv:103.0) Gecko/20100101 Firefox/103.0"
10.32.191.183 - - [04/Oct/2022:10:57:43 +0700] "GET /static/new.png HTTP/1.1" 200 393121 "http://10.32.187.151/" "Mozilla/5.0 (X11; Linux x86_64; rv:103.0) Gecko/20100101 Firefox/103.0"
10.32.191.183 - - [04/Oct/2022:10:57:44 +0700] "GET /static/win.png HTTP/1.1" 200 662831 "http://10.32.187.151/" "Mozilla/5.0 (X11; Linux x86_64; rv:103.0) Gecko/20100101 Firefox/103.0"
10.32.191.183 - - [04/Oct/2022:10:57:46 +0700] "GET /static/o.mp4 HTTP/1.1" 206 5339936 "http://10.32.187.151/" "Mozilla/5.0 (X11; Linux x86_64; rv:103.0) Gecko/20100101 Firefox/103.0"
10.32.191.183 - - [04/Oct/2022:10:58:23 +0700] "GET / HTTP/1.1" 200 7742 "-" "Mozilla/5.0 (X11; Linux x86_64; rv:103.0) Gecko/20100101 Firefox/103.0"
10.32.191.183 - - [04/Oct/2022:10:58:24 +0700] "GET /myweb/test.css HTTP/1.1" 200 3676 "http://10.32.187.151/" "Mozilla/5.0 (X11; Linux x86_64; rv:103.0) Gecko/20100101 Firefox/103.0"
10.32.191.183 - - [04/Oct/2022:10:58:24 +0700] "GET /static/kao.jpg HTTP/1.1" 200 162396 "http://10.32.187.151/" "Mozilla/5.0 (X11; Linux x86_64; rv:103.0) Gecko/20100101 Firefox/103.0"
10.32.191.183 - - [04/Oct/2022:10:58:24 +0700] "GET /static/bas.jpg HTTP/1.1" 200 108614 "http://10.32.187.151/" "Mozilla/5.0 (X11; Linux x86_64; rv:103.0) Gecko/20100101 Firefox/103.0"
10.32.191.183 - - [04/Oct/2022:10:58:24 +0700] "GET /static/new.png HTTP/1.1" 200 393121 "http://10.32.187.151/" "Mozilla/5.0 (X11; Linux x86_64; rv:103.0) Gecko/20100101 Firefox/103.0"
10.32.191.183 - - [04/Oct/2022:10:58:24 +0700] "GET /static/win.png HTTP/1.1" 200 662831 "http://10.32.187.151/" "Mozilla/5.0 (X11; Linux x86_64; rv:103.0) Gecko/20100101 Firefox/103.0"
10.32.191.183 - - [04/Oct/2022:10:58:26 +0700] "GET /static/o.mp4 HTTP/1.1" 206 5339936 "http://10.32.187.151/" "Mozilla/5.0 (X11; Linux x86_64; rv:103.0) Gecko/20100101 Firefox/103.0"
10.32.178.5 - - [04/Oct/2022:10:59:34 +0700] "GET /static/polar.gif HTTP/1.1" 200 55882 "-" "Mozilla/4.0 (compatible; ms-office; MSOffice 16)"
10.32.178.5 - - [04/Oct/2022:10:59:35 +0700] "GET /static/Hello.png HTTP/1.1" 200 292968 "-" "Mozilla/4.0 (compatible; ms-office; MSOffice 16)"
10.32.178.5 - - [04/Oct/2022:11:02:38 +0700] "GET /page3.html HTTP/1.1" 304 0 "http://10.32.187.151/page2.html" "Mozilla/5.0 (Windows NT 10.0; Win64; x64) AppleWebKit/537.36 (KHTML, like Gecko) Chrome/105.0.0.0 Safari/537.36"
10.32.178.5 - - [04/Oct/2022:11:02:57 +0700] "GET /static/79.png HTTP/1.1" 200 1409010 "-" "Mozilla/5.0 (Windows NT 10.0; Win64; x64) AppleWebKit/537.36 (KHTML, like Gecko) Chrome/105.0.0.0 Safari/537.36"
10.32.178.5 - - [04/Oct/2022:11:06:29 +0700] "GET /page4.html HTTP/1.1" 304 0 "http://10.32.187.151/page3.html" "Mozilla/5.0 (Windows NT 10.0; Win64; x64) AppleWebKit/537.36 (KHTML, like Gecko) Chrome/105.0.0.0 Safari/537.36"
10.32.178.5 - - [04/Oct/2022:11:06:29 +0700] "GET /static/stop-looking-at-me-staring.gif HTTP/1.1" 304 0 "http://10.32.187.151/page4.html" "Mozilla/5.0 (Windows NT 10.0; Win64; x64) AppleWebKit/537.36 (KHTML, like Gecko) Chrome/105.0.0.0 Safari/537.36"
10.32.178.5 - - [04/Oct/2022:11:08:13 +0700] "GET /static/stop-looking-at-me-staring.gif HTTP/1.1" 200 2047081 "-" "Mozilla/5.0 (Windows NT 10.0; Win64; x64) AppleWebKit/537.36 (KHTML, like Gecko) Chrome/105.0.0.0 Safari/537.36"
127.0.0.1 - - [04/Oct/2022:11:15:58 +0700] "GET /index.html HTTP/1.1" 304 0 "http://localhost/page3.html" "Mozilla/5.0 (Windows NT 10.0; Win64; x64) AppleWebKit/537.36 (KHTML, like Gecko) Chrome/106.0.0.0 Safari/537.36"
127.0.0.1 - - [04/Oct/2022:11:15:58 +0700] "GET /static/o.mp4 HTTP/1.1" 304 0 "http://localhost/index.html" "Mozilla/5.0 (Windows NT 10.0; Win64; x64) AppleWebKit/537.36 (KHTML, like Gecko) Chrome/106.0.0.0 Safari/537.36"
127.0.0.1 - - [04/Oct/2022:11:25:41 +0700] "GET /static/o.mp4 HTTP/1.1" 304 0 "http://localhost/index.html" "Mozilla/5.0 (Windows NT 10.0; Win64; x64) AppleWebKit/537.36 (KHTML, like Gecko) Chrome/106.0.0.0 Safari/537.36"
127.0.0.1 - - [04/Oct/2022:11:25:44 +0700] "GET /index.html HTTP/1.1" 304 0 "http://localhost/index.html" "Mozilla/5.0 (Windows NT 10.0; Win64; x64) AppleWebKit/537.36 (KHTML, like Gecko) Chrome/106.0.0.0 Safari/537.36"
10.32.191.183 - - [04/Oct/2022:12:22:02 +0700] "GET / HTTP/1.1" 200 7742 "-" "Mozilla/5.0 (X11; Linux x86_64; rv:103.0) Gecko/20100101 Firefox/103.0"
10.32.191.183 - - [04/Oct/2022:12:22:02 +0700] "GET /myweb/test.css HTTP/1.1" 200 3676 "http://10.32.187.151/" "Mozilla/5.0 (X11; Linux x86_64; rv:103.0) Gecko/20100101 Firefox/103.0"
10.32.191.183 - - [04/Oct/2022:12:22:02 +0700] "GET /static/bas.jpg HTTP/1.1" 200 108614 "http://10.32.187.151/" "Mozilla/5.0 (X11; Linux x86_64; rv:103.0) Gecko/20100101 Firefox/103.0"
10.32.191.183 - - [04/Oct/2022:12:22:03 +0700] "GET /static/win.png HTTP/1.1" 200 662831 "http://10.32.187.151/" "Mozilla/5.0 (X11; Linux x86_64; rv:103.0) Gecko/20100101 Firefox/103.0"
10.32.191.183 - - [04/Oct/2022:12:22:03 +0700] "GET /static/kao.jpg HTTP/1.1" 200 162396 "http://10.32.187.151/" "Mozilla/5.0 (X11; Linux x86_64; rv:103.0) Gecko/20100101 Firefox/103.0"
10.32.191.183 - - [04/Oct/2022:12:22:03 +0700] "GET /static/new.png HTTP/1.1" 200 393121 "http://10.32.187.151/" "Mozilla/5.0 (X11; Linux x86_64; rv:103.0) Gecko/20100101 Firefox/103.0"
10.32.191.183 - - [04/Oct/2022:12:22:03 +0700] "GET /favicon.ico HTTP/1.1" 404 153 "http://10.32.187.151/" "Mozilla/5.0 (X11; Linux x86_64; rv:103.0) Gecko/20100101 Firefox/103.0"
10.32.191.183 - - [04/Oct/2022:12:22:03 +0700] "GET /static/o.mp4 HTTP/1.1" 206 5339936 "http://10.32.187.151/" "Mozilla/5.0 (X11; Linux x86_64; rv:103.0) Gecko/20100101 Firefox/103.0"
127.0.0.1 - - [05/Oct/2022:09:08:26 +0700] "GET / HTTP/1.1" 200 7743 "-" "Mozilla/5.0 (Windows NT 10.0; Win64; x64) AppleWebKit/537.36 (KHTML, like Gecko) Chrome/106.0.0.0 Safari/537.36"
127.0.0.1 - - [05/Oct/2022:09:08:26 +0700] "GET /myweb/test.css HTTP/1.1" 304 0 "http://localhost/" "Mozilla/5.0 (Windows NT 10.0; Win64; x64) AppleWebKit/537.36 (KHTML, like Gecko) Chrome/106.0.0.0 Safari/537.36"
127.0.0.1 - - [05/Oct/2022:09:08:26 +0700] "GET /static/win.png HTTP/1.1" 304 0 "http://localhost/" "Mozilla/5.0 (Windows NT 10.0; Win64; x64) AppleWebKit/537.36 (KHTML, like Gecko) Chrome/106.0.0.0 Safari/537.36"
127.0.0.1 - - [05/Oct/2022:09:08:26 +0700] "GET /static/bas.jpg HTTP/1.1" 304 0 "http://localhost/" "Mozilla/5.0 (Windows NT 10.0; Win64; x64) AppleWebKit/537.36 (KHTML, like Gecko) Chrome/106.0.0.0 Safari/537.36"
127.0.0.1 - - [05/Oct/2022:09:08:26 +0700] "GET /static/new.png HTTP/1.1" 304 0 "http://localhost/" "Mozilla/5.0 (Windows NT 10.0; Win64; x64) AppleWebKit/537.36 (KHTML, like Gecko) Chrome/106.0.0.0 Safari/537.36"
127.0.0.1 - - [05/Oct/2022:09:08:26 +0700] "GET /static/kao.jpg HTTP/1.1" 304 0 "http://localhost/" "Mozilla/5.0 (Windows NT 10.0; Win64; x64) AppleWebKit/537.36 (KHTML, like Gecko) Chrome/106.0.0.0 Safari/537.36"
127.0.0.1 - - [05/Oct/2022:09:08:26 +0700] "GET /static/H1.mp4 HTTP/1.1" 404 555 "http://localhost/" "Mozilla/5.0 (Windows NT 10.0; Win64; x64) AppleWebKit/537.36 (KHTML, like Gecko) Chrome/106.0.0.0 Safari/537.36"
127.0.0.1 - - [05/Oct/2022:09:08:26 +0700] "GET /favicon.ico HTTP/1.1" 404 555 "http://localhost/" "Mozilla/5.0 (Windows NT 10.0; Win64; x64) AppleWebKit/537.36 (KHTML, like Gecko) Chrome/106.0.0.0 Safari/537.36"
127.0.0.1 - - [05/Oct/2022:09:08:31 +0700] "GET / HTTP/1.1" 304 0 "-" "Mozilla/5.0 (Windows NT 10.0; Win64; x64) AppleWebKit/537.36 (KHTML, like Gecko) Chrome/106.0.0.0 Safari/537.36"
127.0.0.1 - - [05/Oct/2022:09:08:31 +0700] "GET /static/H1.mp4 HTTP/1.1" 404 555 "http://localhost/" "Mozilla/5.0 (Windows NT 10.0; Win64; x64) AppleWebKit/537.36 (KHTML, like Gecko) Chrome/106.0.0.0 Safari/537.36"
127.0.0.1 - - [05/Oct/2022:09:08:34 +0700] "GET / HTTP/1.1" 200 7743 "-" "Mozilla/5.0 (Windows NT 10.0; Win64; x64) AppleWebKit/537.36 (KHTML, like Gecko) Chrome/106.0.0.0 Safari/537.36"
127.0.0.1 - - [05/Oct/2022:09:08:34 +0700] "GET /static/H1.mp4 HTTP/1.1" 404 555 "http://localhost/" "Mozilla/5.0 (Windows NT 10.0; Win64; x64) AppleWebKit/537.36 (KHTML, like Gecko) Chrome/106.0.0.0 Safari/537.36"
127.0.0.1 - - [05/Oct/2022:09:10:08 +0700] "GET / HTTP/1.1" 200 9625 "-" "Mozilla/5.0 (Windows NT 10.0; Win64; x64) AppleWebKit/537.36 (KHTML, like Gecko) Chrome/106.0.0.0 Safari/537.36"
127.0.0.1 - - [05/Oct/2022:09:10:08 +0700] "GET /static/t.mp4 HTTP/1.1" 404 555 "http://localhost/" "Mozilla/5.0 (Windows NT 10.0; Win64; x64) AppleWebKit/537.36 (KHTML, like Gecko) Chrome/106.0.0.0 Safari/537.36"
127.0.0.1 - - [05/Oct/2022:09:11:23 +0700] "GET / HTTP/1.1" 200 9627 "-" "Mozilla/5.0 (Windows NT 10.0; Win64; x64) AppleWebKit/537.36 (KHTML, like Gecko) Chrome/106.0.0.0 Safari/537.36"
127.0.0.1 - - [05/Oct/2022:09:11:23 +0700] "GET /static/t.mp4 HTTP/1.1" 404 555 "http://localhost/" "Mozilla/5.0 (Windows NT 10.0; Win64; x64) AppleWebKit/537.36 (KHTML, like Gecko) Chrome/106.0.0.0 Safari/537.36"
127.0.0.1 - - [05/Oct/2022:09:11:36 +0700] "GET / HTTP/1.1" 200 9626 "-" "Mozilla/5.0 (Windows NT 10.0; Win64; x64) AppleWebKit/537.36 (KHTML, like Gecko) Chrome/106.0.0.0 Safari/537.36"
127.0.0.1 - - [05/Oct/2022:09:11:36 +0700] "GET /static/t.mp4 HTTP/1.1" 404 555 "http://localhost/" "Mozilla/5.0 (Windows NT 10.0; Win64; x64) AppleWebKit/537.36 (KHTML, like Gecko) Chrome/106.0.0.0 Safari/537.36"
127.0.0.1 - - [05/Oct/2022:09:12:03 +0700] "GET / HTTP/1.1" 200 9626 "-" "Mozilla/5.0 (Windows NT 10.0; Win64; x64) AppleWebKit/537.36 (KHTML, like Gecko) Chrome/106.0.0.0 Safari/537.36"
127.0.0.1 - - [05/Oct/2022:09:12:03 +0700] "GET /static/t.mp4 HTTP/1.1" 404 555 "http://localhost/" "Mozilla/5.0 (Windows NT 10.0; Win64; x64) AppleWebKit/537.36 (KHTML, like Gecko) Chrome/106.0.0.0 Safari/537.36"
127.0.0.1 - - [05/Oct/2022:09:14:37 +0700] "GET / HTTP/1.1" 200 9627 "-" "Mozilla/5.0 (Windows NT 10.0; Win64; x64) AppleWebKit/537.36 (KHTML, like Gecko) Chrome/106.0.0.0 Safari/537.36"
127.0.0.1 - - [05/Oct/2022:09:14:38 +0700] "GET /static/fa.mp4 HTTP/1.1" 206 3472707 "http://localhost/" "Mozilla/5.0 (Windows NT 10.0; Win64; x64) AppleWebKit/537.36 (KHTML, like Gecko) Chrome/106.0.0.0 Safari/537.36"
127.0.0.1 - - [05/Oct/2022:09:14:51 +0700] "GET /page3.html HTTP/1.1" 304 0 "http://localhost/" "Mozilla/5.0 (Windows NT 10.0; Win64; x64) AppleWebKit/537.36 (KHTML, like Gecko) Chrome/106.0.0.0 Safari/537.36"
127.0.0.1 - - [05/Oct/2022:09:14:51 +0700] "GET /static/polar.gif HTTP/1.1" 304 0 "http://localhost/page3.html" "Mozilla/5.0 (Windows NT 10.0; Win64; x64) AppleWebKit/537.36 (KHTML, like Gecko) Chrome/106.0.0.0 Safari/537.36"
127.0.0.1 - - [05/Oct/2022:09:14:51 +0700] "GET /static/Hello.png HTTP/1.1" 304 0 "http://localhost/page3.html" "Mozilla/5.0 (Windows NT 10.0; Win64; x64) AppleWebKit/537.36 (KHTML, like Gecko) Chrome/106.0.0.0 Safari/537.36"
127.0.0.1 - - [05/Oct/2022:09:14:51 +0700] "GET /static/79.png HTTP/1.1" 304 0 "http://localhost/page3.html" "Mozilla/5.0 (Windows NT 10.0; Win64; x64) AppleWebKit/537.36 (KHTML, like Gecko) Chrome/106.0.0.0 Safari/537.36"
127.0.0.1 - - [05/Oct/2022:09:15:16 +0700] "GET /page3.html HTTP/1.1" 200 10645 "http://localhost/" "Mozilla/5.0 (Windows NT 10.0; Win64; x64) AppleWebKit/537.36 (KHTML, like Gecko) Chrome/106.0.0.0 Safari/537.36"
127.0.0.1 - - [05/Oct/2022:09:15:16 +0700] "GET /static/rr.png HTTP/1.1" 200 354327 "http://localhost/page3.html" "Mozilla/5.0 (Windows NT 10.0; Win64; x64) AppleWebKit/537.36 (KHTML, like Gecko) Chrome/106.0.0.0 Safari/537.36"
127.0.0.1 - - [05/Oct/2022:09:15:16 +0700] "GET /static/Sq.png HTTP/1.1" 200 329304 "http://localhost/page3.html" "Mozilla/5.0 (Windows NT 10.0; Win64; x64) AppleWebKit/537.36 (KHTML, like Gecko) Chrome/106.0.0.0 Safari/537.36"
127.0.0.1 - - [05/Oct/2022:09:15:16 +0700] "GET /static/Day.jfif HTTP/1.1" 200 35621 "http://localhost/page3.html" "Mozilla/5.0 (Windows NT 10.0; Win64; x64) AppleWebKit/537.36 (KHTML, like Gecko) Chrome/106.0.0.0 Safari/537.36"
127.0.0.1 - - [05/Oct/2022:09:16:06 +0700] "GET /page3.html HTTP/1.1" 200 10642 "http://localhost/" "Mozilla/5.0 (Windows NT 10.0; Win64; x64) AppleWebKit/537.36 (KHTML, like Gecko) Chrome/106.0.0.0 Safari/537.36"
127.0.0.1 - - [05/Oct/2022:09:16:06 +0700] "GET /static/rr.png HTTP/1.1" 304 0 "http://localhost/page3.html" "Mozilla/5.0 (Windows NT 10.0; Win64; x64) AppleWebKit/537.36 (KHTML, like Gecko) Chrome/106.0.0.0 Safari/537.36"
127.0.0.1 - - [05/Oct/2022:09:16:06 +0700] "GET /static/Sq.png HTTP/1.1" 304 0 "http://localhost/page3.html" "Mozilla/5.0 (Windows NT 10.0; Win64; x64) AppleWebKit/537.36 (KHTML, like Gecko) Chrome/106.0.0.0 Safari/537.36"
127.0.0.1 - - [05/Oct/2022:09:16:06 +0700] "GET /static/Day.jfif HTTP/1.1" 304 0 "http://localhost/page3.html" "Mozilla/5.0 (Windows NT 10.0; Win64; x64) AppleWebKit/537.36 (KHTML, like Gecko) Chrome/106.0.0.0 Safari/537.36"
127.0.0.1 - - [05/Oct/2022:09:17:29 +0700] "GET /page3.html HTTP/1.1" 200 10631 "http://localhost/" "Mozilla/5.0 (Windows NT 10.0; Win64; x64) AppleWebKit/537.36 (KHTML, like Gecko) Chrome/106.0.0.0 Safari/537.36"
127.0.0.1 - - [05/Oct/2022:09:17:29 +0700] "GET /static/rr.png HTTP/1.1" 304 0 "http://localhost/page3.html" "Mozilla/5.0 (Windows NT 10.0; Win64; x64) AppleWebKit/537.36 (KHTML, like Gecko) Chrome/106.0.0.0 Safari/537.36"
127.0.0.1 - - [05/Oct/2022:09:17:29 +0700] "GET /static/Sq.png HTTP/1.1" 304 0 "http://localhost/page3.html" "Mozilla/5.0 (Windows NT 10.0; Win64; x64) AppleWebKit/537.36 (KHTML, like Gecko) Chrome/106.0.0.0 Safari/537.36"
127.0.0.1 - - [05/Oct/2022:09:17:29 +0700] "GET /static/Day.jfif HTTP/1.1" 304 0 "http://localhost/page3.html" "Mozilla/5.0 (Windows NT 10.0; Win64; x64) AppleWebKit/537.36 (KHTML, like Gecko) Chrome/106.0.0.0 Safari/537.36"
127.0.0.1 - - [05/Oct/2022:09:17:34 +0700] "GET /index.html HTTP/1.1" 200 9400 "http://localhost/page3.html" "Mozilla/5.0 (Windows NT 10.0; Win64; x64) AppleWebKit/537.36 (KHTML, like Gecko) Chrome/106.0.0.0 Safari/537.36"
127.0.0.1 - - [05/Oct/2022:09:17:34 +0700] "GET /static/fa.mp4 HTTP/1.1" 304 0 "http://localhost/index.html" "Mozilla/5.0 (Windows NT 10.0; Win64; x64) AppleWebKit/537.36 (KHTML, like Gecko) Chrome/106.0.0.0 Safari/537.36"
127.0.0.1 - - [05/Oct/2022:09:18:12 +0700] "GET /index.html HTTP/1.1" 200 9400 "http://localhost/page3.html" "Mozilla/5.0 (Windows NT 10.0; Win64; x64) AppleWebKit/537.36 (KHTML, like Gecko) Chrome/106.0.0.0 Safari/537.36"
127.0.0.1 - - [05/Oct/2022:09:18:20 +0700] "GET /index.html HTTP/1.1" 200 9400 "http://localhost/page3.html" "Mozilla/5.0 (Windows NT 10.0; Win64; x64) AppleWebKit/537.36 (KHTML, like Gecko) Chrome/106.0.0.0 Safari/537.36"
127.0.0.1 - - [05/Oct/2022:09:18:35 +0700] "GET /index.html HTTP/1.1" 200 9400 "http://localhost/page3.html" "Mozilla/5.0 (Windows NT 10.0; Win64; x64) AppleWebKit/537.36 (KHTML, like Gecko) Chrome/106.0.0.0 Safari/537.36"
127.0.0.1 - - [05/Oct/2022:09:19:44 +0700] "GET /page2.html HTTP/1.1" 304 0 "http://localhost/index.html" "Mozilla/5.0 (Windows NT 10.0; Win64; x64) AppleWebKit/537.36 (KHTML, like Gecko) Chrome/106.0.0.0 Safari/537.36"
127.0.0.1 - - [05/Oct/2022:09:19:44 +0700] "GET /static/005.png HTTP/1.1" 304 0 "http://localhost/page2.html" "Mozilla/5.0 (Windows NT 10.0; Win64; x64) AppleWebKit/537.36 (KHTML, like Gecko) Chrome/106.0.0.0 Safari/537.36"
127.0.0.1 - - [05/Oct/2022:09:19:44 +0700] "GET /static/003.gif HTTP/1.1" 304 0 "http://localhost/page2.html" "Mozilla/5.0 (Windows NT 10.0; Win64; x64) AppleWebKit/537.36 (KHTML, like Gecko) Chrome/106.0.0.0 Safari/537.36"
127.0.0.1 - - [05/Oct/2022:09:19:44 +0700] "GET /static/002.jpg HTTP/1.1" 304 0 "http://localhost/page2.html" "Mozilla/5.0 (Windows NT 10.0; Win64; x64) AppleWebKit/537.36 (KHTML, like Gecko) Chrome/106.0.0.0 Safari/537.36"
127.0.0.1 - - [05/Oct/2022:09:19:50 +0700] "GET /page3.html HTTP/1.1" 304 0 "http://localhost/page2.html" "Mozilla/5.0 (Windows NT 10.0; Win64; x64) AppleWebKit/537.36 (KHTML, like Gecko) Chrome/106.0.0.0 Safari/537.36"
127.0.0.1 - - [05/Oct/2022:09:19:50 +0700] "GET /static/rr.png HTTP/1.1" 304 0 "http://localhost/page3.html" "Mozilla/5.0 (Windows NT 10.0; Win64; x64) AppleWebKit/537.36 (KHTML, like Gecko) Chrome/106.0.0.0 Safari/537.36"
127.0.0.1 - - [05/Oct/2022:09:19:50 +0700] "GET /static/Sq.png HTTP/1.1" 304 0 "http://localhost/page3.html" "Mozilla/5.0 (Windows NT 10.0; Win64; x64) AppleWebKit/537.36 (KHTML, like Gecko) Chrome/106.0.0.0 Safari/537.36"
127.0.0.1 - - [05/Oct/2022:09:19:50 +0700] "GET /static/Day.jfif HTTP/1.1" 304 0 "http://localhost/page3.html" "Mozilla/5.0 (Windows NT 10.0; Win64; x64) AppleWebKit/537.36 (KHTML, like Gecko) Chrome/106.0.0.0 Safari/537.36"
127.0.0.1 - - [05/Oct/2022:09:19:54 +0700] "GET /page4.html HTTP/1.1" 304 0 "http://localhost/page3.html" "Mozilla/5.0 (Windows NT 10.0; Win64; x64) AppleWebKit/537.36 (KHTML, like Gecko) Chrome/106.0.0.0 Safari/537.36"
127.0.0.1 - - [05/Oct/2022:09:19:54 +0700] "GET /static/stop-looking-at-me-staring.gif HTTP/1.1" 304 0 "http://localhost/page4.html" "Mozilla/5.0 (Windows NT 10.0; Win64; x64) AppleWebKit/537.36 (KHTML, like Gecko) Chrome/106.0.0.0 Safari/537.36"
127.0.0.1 - - [05/Oct/2022:09:19:54 +0700] "GET /static/kung-panda.gif HTTP/1.1" 304 0 "http://localhost/page4.html" "Mozilla/5.0 (Windows NT 10.0; Win64; x64) AppleWebKit/537.36 (KHTML, like Gecko) Chrome/106.0.0.0 Safari/537.36"
127.0.0.1 - - [05/Oct/2022:09:20:02 +0700] "GET /index.html HTTP/1.1" 304 0 "http://localhost/page4.html" "Mozilla/5.0 (Windows NT 10.0; Win64; x64) AppleWebKit/537.36 (KHTML, like Gecko) Chrome/106.0.0.0 Safari/537.36"
127.0.0.1 - - [05/Oct/2022:09:20:02 +0700] "GET /static/fa.mp4 HTTP/1.1" 304 0 "http://localhost/index.html" "Mozilla/5.0 (Windows NT 10.0; Win64; x64) AppleWebKit/537.36 (KHTML, like Gecko) Chrome/106.0.0.0 Safari/537.36"
127.0.0.1 - - [05/Oct/2022:16:57:08 +0700] "GET / HTTP/1.1" 200 9400 "-" "Mozilla/5.0 (Windows NT 10.0; Win64; x64) AppleWebKit/537.36 (KHTML, like Gecko) Chrome/106.0.0.0 Safari/537.36"
127.0.0.1 - - [05/Oct/2022:16:57:08 +0700] "GET /static/fa.mp4 HTTP/1.1" 304 0 "http://localhost/" "Mozilla/5.0 (Windows NT 10.0; Win64; x64) AppleWebKit/537.36 (KHTML, like Gecko) Chrome/106.0.0.0 Safari/537.36"
127.0.0.1 - - [05/Oct/2022:16:57:08 +0700] "GET /favicon.ico HTTP/1.1" 404 555 "http://localhost/" "Mozilla/5.0 (Windows NT 10.0; Win64; x64) AppleWebKit/537.36 (KHTML, like Gecko) Chrome/106.0.0.0 Safari/537.36"
127.0.0.1 - - [05/Oct/2022:17:01:22 +0700] "GET / HTTP/1.1" 200 9400 "-" "Mozilla/5.0 (Windows NT 10.0; Win64; x64) AppleWebKit/537.36 (KHTML, like Gecko) Chrome/106.0.0.0 Safari/537.36"
127.0.0.1 - - [05/Oct/2022:17:01:22 +0700] "GET /static/uu.mp4 HTTP/1.1" 206 3320674 "http://localhost/" "Mozilla/5.0 (Windows NT 10.0; Win64; x64) AppleWebKit/537.36 (KHTML, like Gecko) Chrome/106.0.0.0 Safari/537.36"
127.0.0.1 - - [05/Oct/2022:17:02:31 +0700] "GET /static/uu.mp4 HTTP/1.1" 304 0 "http://localhost/" "Mozilla/5.0 (Windows NT 10.0; Win64; x64) AppleWebKit/537.36 (KHTML, like Gecko) Chrome/106.0.0.0 Safari/537.36"
127.0.0.1 - - [05/Oct/2022:17:02:32 +0700] "GET /page3.html HTTP/1.1" 200 10658 "http://localhost/" "Mozilla/5.0 (Windows NT 10.0; Win64; x64) AppleWebKit/537.36 (KHTML, like Gecko) Chrome/106.0.0.0 Safari/537.36"
127.0.0.1 - - [05/Oct/2022:17:02:32 +0700] "GET /static/rr.png HTTP/1.1" 304 0 "http://localhost/page3.html" "Mozilla/5.0 (Windows NT 10.0; Win64; x64) AppleWebKit/537.36 (KHTML, like Gecko) Chrome/106.0.0.0 Safari/537.36"
127.0.0.1 - - [05/Oct/2022:17:02:32 +0700] "GET /static/Sq.png HTTP/1.1" 304 0 "http://localhost/page3.html" "Mozilla/5.0 (Windows NT 10.0; Win64; x64) AppleWebKit/537.36 (KHTML, like Gecko) Chrome/106.0.0.0 Safari/537.36"
127.0.0.1 - - [05/Oct/2022:17:02:32 +0700] "GET /static/Day.jfif HTTP/1.1" 304 0 "http://localhost/page3.html" "Mozilla/5.0 (Windows NT 10.0; Win64; x64) AppleWebKit/537.36 (KHTML, like Gecko) Chrome/106.0.0.0 Safari/537.36"
127.0.0.1 - - [05/Oct/2022:17:02:45 +0700] "GET /page3.html HTTP/1.1" 200 10631 "http://localhost/" "Mozilla/5.0 (Windows NT 10.0; Win64; x64) AppleWebKit/537.36 (KHTML, like Gecko) Chrome/106.0.0.0 Safari/537.36"
127.0.0.1 - - [05/Oct/2022:17:04:21 +0700] "GET /page3.html HTTP/1.1" 200 10750 "http://localhost/" "Mozilla/5.0 (Windows NT 10.0; Win64; x64) AppleWebKit/537.36 (KHTML, like Gecko) Chrome/106.0.0.0 Safari/537.36"
127.0.0.1 - - [05/Oct/2022:17:05:49 +0700] "GET /page3.html HTTP/1.1" 200 10712 "http://localhost/" "Mozilla/5.0 (Windows NT 10.0; Win64; x64) AppleWebKit/537.36 (KHTML, like Gecko) Chrome/106.0.0.0 Safari/537.36"
10.32.179.77 - - [05/Oct/2022:17:08:40 +0700] "GET / HTTP/1.1" 200 9400 "-" "Mozilla/5.0 (Windows NT 10.0; Win64; x64) AppleWebKit/537.36 (KHTML, like Gecko) Chrome/105.0.0.0 Safari/537.36 Edg/105.0.1343.53"
10.32.179.77 - - [05/Oct/2022:17:08:40 +0700] "GET /myweb/test.css HTTP/1.1" 200 3676 "http://10.32.187.185/" "Mozilla/5.0 (Windows NT 10.0; Win64; x64) AppleWebKit/537.36 (KHTML, like Gecko) Chrome/105.0.0.0 Safari/537.36 Edg/105.0.1343.53"
10.32.179.77 - - [05/Oct/2022:17:08:40 +0700] "GET /static/bas.jpg HTTP/1.1" 200 108614 "http://10.32.187.185/" "Mozilla/5.0 (Windows NT 10.0; Win64; x64) AppleWebKit/537.36 (KHTML, like Gecko) Chrome/105.0.0.0 Safari/537.36 Edg/105.0.1343.53"
10.32.179.77 - - [05/Oct/2022:17:08:40 +0700] "GET /static/new.png HTTP/1.1" 200 393121 "http://10.32.187.185/" "Mozilla/5.0 (Windows NT 10.0; Win64; x64) AppleWebKit/537.36 (KHTML, like Gecko) Chrome/105.0.0.0 Safari/537.36 Edg/105.0.1343.53"
10.32.179.77 - - [05/Oct/2022:17:08:40 +0700] "GET /static/kao.jpg HTTP/1.1" 200 162396 "http://10.32.187.185/" "Mozilla/5.0 (Windows NT 10.0; Win64; x64) AppleWebKit/537.36 (KHTML, like Gecko) Chrome/105.0.0.0 Safari/537.36 Edg/105.0.1343.53"
10.32.179.77 - - [05/Oct/2022:17:08:40 +0700] "GET /static/win.png HTTP/1.1" 200 662831 "http://10.32.187.185/" "Mozilla/5.0 (Windows NT 10.0; Win64; x64) AppleWebKit/537.36 (KHTML, like Gecko) Chrome/105.0.0.0 Safari/537.36 Edg/105.0.1343.53"
10.32.179.77 - - [05/Oct/2022:17:08:40 +0700] "GET /static/uu.mp4 HTTP/1.1" 206 3320674 "http://10.32.187.185/" "Mozilla/5.0 (Windows NT 10.0; Win64; x64) AppleWebKit/537.36 (KHTML, like Gecko) Chrome/105.0.0.0 Safari/537.36 Edg/105.0.1343.53"
10.32.179.77 - - [05/Oct/2022:17:08:40 +0700] "GET /favicon.ico HTTP/1.1" 404 555 "http://10.32.187.185/" "Mozilla/5.0 (Windows NT 10.0; Win64; x64) AppleWebKit/537.36 (KHTML, like Gecko) Chrome/105.0.0.0 Safari/537.36 Edg/105.0.1343.53"
10.32.179.77 - - [05/Oct/2022:17:08:46 +0700] "GET /page2.html HTTP/1.1" 200 5319 "http://10.32.187.185/" "Mozilla/5.0 (Windows NT 10.0; Win64; x64) AppleWebKit/537.36 (KHTML, like Gecko) Chrome/105.0.0.0 Safari/537.36 Edg/105.0.1343.53"
10.32.179.77 - - [05/Oct/2022:17:08:47 +0700] "GET /static/005.png HTTP/1.1" 200 1830472 "http://10.32.187.185/page2.html" "Mozilla/5.0 (Windows NT 10.0; Win64; x64) AppleWebKit/537.36 (KHTML, like Gecko) Chrome/105.0.0.0 Safari/537.36 Edg/105.0.1343.53"
10.32.179.77 - - [05/Oct/2022:17:08:47 +0700] "GET /static/002.jpg HTTP/1.1" 200 2119724 "http://10.32.187.185/page2.html" "Mozilla/5.0 (Windows NT 10.0; Win64; x64) AppleWebKit/537.36 (KHTML, like Gecko) Chrome/105.0.0.0 Safari/537.36 Edg/105.0.1343.53"
10.32.181.155 - - [05/Oct/2022:17:08:47 +0700] "GET / HTTP/1.1" 200 9400 "-" "Mozilla/5.0 (Windows NT 10.0; Win64; x64) AppleWebKit/537.36 (KHTML, like Gecko) Chrome/106.0.0.0 Safari/537.36 Edg/106.0.1370.34"
10.32.179.77 - - [05/Oct/2022:17:08:47 +0700] "GET /static/003.gif HTTP/1.1" 200 2822550 "http://10.32.187.185/page2.html" "Mozilla/5.0 (Windows NT 10.0; Win64; x64) AppleWebKit/537.36 (KHTML, like Gecko) Chrome/105.0.0.0 Safari/537.36 Edg/105.0.1343.53"
10.32.181.155 - - [05/Oct/2022:17:08:47 +0700] "GET /myweb/test.css HTTP/1.1" 200 3676 "http://10.32.187.185/" "Mozilla/5.0 (Windows NT 10.0; Win64; x64) AppleWebKit/537.36 (KHTML, like Gecko) Chrome/106.0.0.0 Safari/537.36 Edg/106.0.1370.34"
10.32.181.155 - - [05/Oct/2022:17:08:47 +0700] "GET /static/bas.jpg HTTP/1.1" 200 108614 "http://10.32.187.185/" "Mozilla/5.0 (Windows NT 10.0; Win64; x64) AppleWebKit/537.36 (KHTML, like Gecko) Chrome/106.0.0.0 Safari/537.36 Edg/106.0.1370.34"
10.32.181.155 - - [05/Oct/2022:17:08:47 +0700] "GET /static/kao.jpg HTTP/1.1" 200 162396 "http://10.32.187.185/" "Mozilla/5.0 (Windows NT 10.0; Win64; x64) AppleWebKit/537.36 (KHTML, like Gecko) Chrome/106.0.0.0 Safari/537.36 Edg/106.0.1370.34"
10.32.181.155 - - [05/Oct/2022:17:08:47 +0700] "GET /static/new.png HTTP/1.1" 200 393121 "http://10.32.187.185/" "Mozilla/5.0 (Windows NT 10.0; Win64; x64) AppleWebKit/537.36 (KHTML, like Gecko) Chrome/106.0.0.0 Safari/537.36 Edg/106.0.1370.34"
10.32.181.155 - - [05/Oct/2022:17:08:47 +0700] "GET /static/win.png HTTP/1.1" 200 662831 "http://10.32.187.185/" "Mozilla/5.0 (Windows NT 10.0; Win64; x64) AppleWebKit/537.36 (KHTML, like Gecko) Chrome/106.0.0.0 Safari/537.36 Edg/106.0.1370.34"
10.32.181.155 - - [05/Oct/2022:17:08:48 +0700] "GET /favicon.ico HTTP/1.1" 404 555 "http://10.32.187.185/" "Mozilla/5.0 (Windows NT 10.0; Win64; x64) AppleWebKit/537.36 (KHTML, like Gecko) Chrome/106.0.0.0 Safari/537.36 Edg/106.0.1370.34"
10.32.181.155 - - [05/Oct/2022:17:08:48 +0700] "GET /static/uu.mp4 HTTP/1.1" 206 3320674 "http://10.32.187.185/" "Mozilla/5.0 (Windows NT 10.0; Win64; x64) AppleWebKit/537.36 (KHTML, like Gecko) Chrome/106.0.0.0 Safari/537.36 Edg/106.0.1370.34"
10.32.181.155 - - [05/Oct/2022:17:08:52 +0700] "GET /page2.html HTTP/1.1" 200 5319 "http://10.32.187.185/" "Mozilla/5.0 (Windows NT 10.0; Win64; x64) AppleWebKit/537.36 (KHTML, like Gecko) Chrome/106.0.0.0 Safari/537.36 Edg/106.0.1370.34"
10.32.181.155 - - [05/Oct/2022:17:08:53 +0700] "GET /static/005.png HTTP/1.1" 200 1830472 "http://10.32.187.185/page2.html" "Mozilla/5.0 (Windows NT 10.0; Win64; x64) AppleWebKit/537.36 (KHTML, like Gecko) Chrome/106.0.0.0 Safari/537.36 Edg/106.0.1370.34"
10.32.181.155 - - [05/Oct/2022:17:08:53 +0700] "GET /static/002.jpg HTTP/1.1" 200 2119724 "http://10.32.187.185/page2.html" "Mozilla/5.0 (Windows NT 10.0; Win64; x64) AppleWebKit/537.36 (KHTML, like Gecko) Chrome/106.0.0.0 Safari/537.36 Edg/106.0.1370.34"
10.32.181.155 - - [05/Oct/2022:17:08:53 +0700] "GET /static/003.gif HTTP/1.1" 200 2822550 "http://10.32.187.185/page2.html" "Mozilla/5.0 (Windows NT 10.0; Win64; x64) AppleWebKit/537.36 (KHTML, like Gecko) Chrome/106.0.0.0 Safari/537.36 Edg/106.0.1370.34"
10.32.181.155 - - [05/Oct/2022:17:08:54 +0700] "GET /page3.html HTTP/1.1" 200 10712 "http://10.32.187.185/page2.html" "Mozilla/5.0 (Windows NT 10.0; Win64; x64) AppleWebKit/537.36 (KHTML, like Gecko) Chrome/106.0.0.0 Safari/537.36 Edg/106.0.1370.34"
10.32.181.155 - - [05/Oct/2022:17:08:54 +0700] "GET /static/polar.gif HTTP/1.1" 200 55882 "http://10.32.187.185/page3.html" "Mozilla/5.0 (Windows NT 10.0; Win64; x64) AppleWebKit/537.36 (KHTML, like Gecko) Chrome/106.0.0.0 Safari/537.36 Edg/106.0.1370.34"
10.32.181.155 - - [05/Oct/2022:17:08:54 +0700] "GET /static/Day.jfif HTTP/1.1" 200 35621 "http://10.32.187.185/page3.html" "Mozilla/5.0 (Windows NT 10.0; Win64; x64) AppleWebKit/537.36 (KHTML, like Gecko) Chrome/106.0.0.0 Safari/537.36 Edg/106.0.1370.34"
10.32.181.155 - - [05/Oct/2022:17:08:54 +0700] "GET /static/Hello.png HTTP/1.1" 200 292968 "http://10.32.187.185/page3.html" "Mozilla/5.0 (Windows NT 10.0; Win64; x64) AppleWebKit/537.36 (KHTML, like Gecko) Chrome/106.0.0.0 Safari/537.36 Edg/106.0.1370.34"
10.32.181.155 - - [05/Oct/2022:17:08:54 +0700] "GET /static/rr.png HTTP/1.1" 200 354327 "http://10.32.187.185/page3.html" "Mozilla/5.0 (Windows NT 10.0; Win64; x64) AppleWebKit/537.36 (KHTML, like Gecko) Chrome/106.0.0.0 Safari/537.36 Edg/106.0.1370.34"
10.32.181.155 - - [05/Oct/2022:17:08:54 +0700] "GET /static/Sq.png HTTP/1.1" 200 329304 "http://10.32.187.185/page3.html" "Mozilla/5.0 (Windows NT 10.0; Win64; x64) AppleWebKit/537.36 (KHTML, like Gecko) Chrome/106.0.0.0 Safari/537.36 Edg/106.0.1370.34"
10.32.181.155 - - [05/Oct/2022:17:08:54 +0700] "GET /static/79.png HTTP/1.1" 200 1409010 "http://10.32.187.185/page3.html" "Mozilla/5.0 (Windows NT 10.0; Win64; x64) AppleWebKit/537.36 (KHTML, like Gecko) Chrome/106.0.0.0 Safari/537.36 Edg/106.0.1370.34"
10.32.181.155 - - [05/Oct/2022:17:09:00 +0700] "GET /test.html HTTP/1.1" 200 575 "http://10.32.187.185/page3.html" "Mozilla/5.0 (Windows NT 10.0; Win64; x64) AppleWebKit/537.36 (KHTML, like Gecko) Chrome/106.0.0.0 Safari/537.36 Edg/106.0.1370.34"
